../Core/Src/motion_controller.c:15:9:get_pulse_flag	4	static
../Core/Src/motion_controller.c:19:9:getIntegralFlag	4	static
../Core/Src/motion_controller.c:23:6:set_pulse_flag	16	static
../Core/Src/motion_controller.c:27:6:set_integral_flag	16	static
../Core/Src/motion_controller.c:32:6:set_motor_direction	16	static
../Core/Src/motion_controller.c:37:6:set_motor_angle	24	static
../Core/Src/motion_controller.c:49:6:make_n_steps	24	static
../Core/Src/motion_controller.c:62:10:rpm_to_period	24	static
../Core/Src/motion_controller.c:69:6:update_step_count	16	static
../Core/Src/motion_controller.c:78:6:velocity_mode	104	static
../Core/Src/motion_controller.c:194:6:debug_mode	104	static
../Core/Src/motion_controller.c:306:6:TIM_StartInterruptTimer	8	static
../Core/Src/motion_controller.c:311:6:TIM_StartIntegralInterruptTimer	8	static
../Core/Src/motion_controller.c:316:6:TIM_StartTrackInterruptTimer	8	static
../Core/Src/motion_controller.c:322:6:TIM_StopInterruptTimer	8	static
../Core/Src/motion_controller.c:328:6:toggle_half_step	8	static
../Core/Src/motion_controller.c:333:6:HAL_TIM_STEP_PeriodElapsedCallback	16	static
../Core/Src/motion_controller.c:338:6:HAL_TIM_INT_PeriodElapsedCallback	16	static
../Core/Src/motion_controller.c:344:6:MX_TIM2_Init	32	static
../Core/Src/motion_controller.c:373:6:MX_TIM3_Init	32	static
../Core/Src/motion_controller.c:401:6:MX_TIM5_Init	32	static
